16:34:36 **** Incremental Build of configuration Debug for project led ****
make -j8 all 
arm-none-eabi-gcc "../Core/Src/main.c" -mcpu=cortex-m4 -std=gnu11 -g3 -DUSE_HAL_DRIVER -DDEBUG -DSTM32F429xx -c -I../Core/Inc -I../Drivers/STM32F4xx_HAL_Driver/Inc -I../Drivers/STM32F4xx_HAL_Driver/Inc/Legacy -I../Drivers/CMSIS/Device/ST/STM32F4xx/Include -I../Drivers/CMSIS/Include -O0 -ffunction-sections -fdata-sections -Wall -fstack-usage -MMD -MP -MF"Core/Src/main.d" -MT"Core/Src/main.o" --specs=nano.specs -mfpu=fpv4-sp-d16 -mfloat-abi=hard -mthumb -o "Core/Src/main.o"
arm-none-eabi-gcc -o "led.elf" @"objects.list"   -mcpu=cortex-m4 -T"C:\Users\Kubilay\STM32CubeIDE\workspace_1.5.1\led\STM32F429ZITX_FLASH.ld" --specs=nosys.specs -Wl,-Map="led.map" -Wl,--gc-sections -static --specs=nano.specs -mfpu=fpv4-sp-d16 -mfloat-abi=hard -mthumb -Wl,--start-group -lc -lm -Wl,--end-group
Finished building target: led.elf
 
arm-none-eabi-objdump -h -S  led.elf  > "led.list"
arm-none-eabi-objcopy  -O binary  led.elf  "led.bin"
arm-none-eabi-size   led.elf 
   text	   data	    bss	    dec	    hex	filename
   6096	     20	   1572	   7688	   1e08	led.elf
Finished building: default.size.stdout
 
Finished building: led.bin
 
Finished building: led.list
 
16:34:44 **** Incremental Build of configuration Debug for project led ****
make -j8 all 
arm-none-eabi-size   led.elf 
   text	   data	    bss	    dec	    hex	filename
   6096	     20	   1572	   7688	   1e08	led.elf
Finished building: default.size.stdout
 
